ARM GAS  C:\Users\AHMADN~1\AppData\Local\Temp\ccioL7Db.s 			page 1


   1              		.syntax unified
   2              		.cpu cortex-m3
   3              		.fpu softvfp
   4              		.eabi_attribute 20, 1
   5              		.eabi_attribute 21, 1
   6              		.eabi_attribute 23, 3
   7              		.eabi_attribute 24, 1
   8              		.eabi_attribute 25, 1
   9              		.eabi_attribute 26, 1
  10              		.eabi_attribute 30, 6
  11              		.eabi_attribute 34, 1
  12              		.eabi_attribute 18, 4
  13              		.thumb
  14              		.syntax unified
  15              		.file	"HSYNC_PM.c"
  16              		.text
  17              	.Ltext0:
  18              		.cfi_sections	.debug_frame
  19              		.bss
  20              		.align	2
  21              	HSYNC_backup:
  22 0000 00000000 		.space	4
  23              		.section	.text.HSYNC_SaveConfig,"ax",%progbits
  24              		.align	2
  25              		.global	HSYNC_SaveConfig
  26              		.thumb
  27              		.thumb_func
  28              		.type	HSYNC_SaveConfig, %function
  29              	HSYNC_SaveConfig:
  30              	.LFB0:
  31              		.file 1 "Generated_Source\\PSoC5\\HSYNC_PM.c"
   1:Generated_Source\PSoC5/HSYNC_PM.c **** /*******************************************************************************
   2:Generated_Source\PSoC5/HSYNC_PM.c **** * File Name: HSYNC_PM.c
   3:Generated_Source\PSoC5/HSYNC_PM.c **** * Version 3.30
   4:Generated_Source\PSoC5/HSYNC_PM.c **** *
   5:Generated_Source\PSoC5/HSYNC_PM.c **** * Description:
   6:Generated_Source\PSoC5/HSYNC_PM.c **** *  This file provides the power management source code to API for the
   7:Generated_Source\PSoC5/HSYNC_PM.c **** *  PWM.
   8:Generated_Source\PSoC5/HSYNC_PM.c **** *
   9:Generated_Source\PSoC5/HSYNC_PM.c **** * Note:
  10:Generated_Source\PSoC5/HSYNC_PM.c **** *
  11:Generated_Source\PSoC5/HSYNC_PM.c **** ********************************************************************************
  12:Generated_Source\PSoC5/HSYNC_PM.c **** * Copyright 2008-2014, Cypress Semiconductor Corporation.  All rights reserved.
  13:Generated_Source\PSoC5/HSYNC_PM.c **** * You may use this file only in accordance with the license, terms, conditions,
  14:Generated_Source\PSoC5/HSYNC_PM.c **** * disclaimers, and limitations in the end user license agreement accompanying
  15:Generated_Source\PSoC5/HSYNC_PM.c **** * the software package with which this file was provided.
  16:Generated_Source\PSoC5/HSYNC_PM.c **** *******************************************************************************/
  17:Generated_Source\PSoC5/HSYNC_PM.c **** 
  18:Generated_Source\PSoC5/HSYNC_PM.c **** #include "HSYNC.h"
  19:Generated_Source\PSoC5/HSYNC_PM.c **** 
  20:Generated_Source\PSoC5/HSYNC_PM.c **** static HSYNC_backupStruct HSYNC_backup;
  21:Generated_Source\PSoC5/HSYNC_PM.c **** 
  22:Generated_Source\PSoC5/HSYNC_PM.c **** 
  23:Generated_Source\PSoC5/HSYNC_PM.c **** /*******************************************************************************
  24:Generated_Source\PSoC5/HSYNC_PM.c **** * Function Name: HSYNC_SaveConfig
  25:Generated_Source\PSoC5/HSYNC_PM.c **** ********************************************************************************
  26:Generated_Source\PSoC5/HSYNC_PM.c **** *
ARM GAS  C:\Users\AHMADN~1\AppData\Local\Temp\ccioL7Db.s 			page 2


  27:Generated_Source\PSoC5/HSYNC_PM.c **** * Summary:
  28:Generated_Source\PSoC5/HSYNC_PM.c **** *  Saves the current user configuration of the component.
  29:Generated_Source\PSoC5/HSYNC_PM.c **** *
  30:Generated_Source\PSoC5/HSYNC_PM.c **** * Parameters:
  31:Generated_Source\PSoC5/HSYNC_PM.c **** *  None
  32:Generated_Source\PSoC5/HSYNC_PM.c **** *
  33:Generated_Source\PSoC5/HSYNC_PM.c **** * Return:
  34:Generated_Source\PSoC5/HSYNC_PM.c **** *  None
  35:Generated_Source\PSoC5/HSYNC_PM.c **** *
  36:Generated_Source\PSoC5/HSYNC_PM.c **** * Global variables:
  37:Generated_Source\PSoC5/HSYNC_PM.c **** *  HSYNC_backup:  Variables of this global structure are modified to
  38:Generated_Source\PSoC5/HSYNC_PM.c **** *  store the values of non retention configuration registers when Sleep() API is
  39:Generated_Source\PSoC5/HSYNC_PM.c **** *  called.
  40:Generated_Source\PSoC5/HSYNC_PM.c **** *
  41:Generated_Source\PSoC5/HSYNC_PM.c **** *******************************************************************************/
  42:Generated_Source\PSoC5/HSYNC_PM.c **** void HSYNC_SaveConfig(void) 
  43:Generated_Source\PSoC5/HSYNC_PM.c **** {
  32              		.loc 1 43 0
  33              		.cfi_startproc
  34              		@ args = 0, pretend = 0, frame = 0
  35              		@ frame_needed = 1, uses_anonymous_args = 0
  36 0000 80B5     		push	{r7, lr}
  37              		.cfi_def_cfa_offset 8
  38              		.cfi_offset 7, -8
  39              		.cfi_offset 14, -4
  40 0002 00AF     		add	r7, sp, #0
  41              		.cfi_def_cfa_register 7
  44:Generated_Source\PSoC5/HSYNC_PM.c **** 
  45:Generated_Source\PSoC5/HSYNC_PM.c ****     #if(!HSYNC_UsingFixedFunction)
  46:Generated_Source\PSoC5/HSYNC_PM.c ****         #if(!HSYNC_PWMModeIsCenterAligned)
  47:Generated_Source\PSoC5/HSYNC_PM.c ****             HSYNC_backup.PWMPeriod = HSYNC_ReadPeriod();
  42              		.loc 1 47 0
  43 0004 FFF7FEFF 		bl	HSYNC_ReadPeriod
  44 0008 0346     		mov	r3, r0
  45 000a 1A46     		mov	r2, r3
  46 000c 074B     		ldr	r3, .L2
  47 000e 9A70     		strb	r2, [r3, #2]
  48:Generated_Source\PSoC5/HSYNC_PM.c ****         #endif /* (!HSYNC_PWMModeIsCenterAligned) */
  49:Generated_Source\PSoC5/HSYNC_PM.c ****         HSYNC_backup.PWMUdb = HSYNC_ReadCounter();
  48              		.loc 1 49 0
  49 0010 FFF7FEFF 		bl	HSYNC_ReadCounter
  50 0014 0346     		mov	r3, r0
  51 0016 1A46     		mov	r2, r3
  52 0018 044B     		ldr	r3, .L2
  53 001a 5A70     		strb	r2, [r3, #1]
  50:Generated_Source\PSoC5/HSYNC_PM.c ****         #if (HSYNC_UseStatus)
  51:Generated_Source\PSoC5/HSYNC_PM.c ****             HSYNC_backup.InterruptMaskValue = HSYNC_STATUS_MASK;
  52:Generated_Source\PSoC5/HSYNC_PM.c ****         #endif /* (HSYNC_UseStatus) */
  53:Generated_Source\PSoC5/HSYNC_PM.c **** 
  54:Generated_Source\PSoC5/HSYNC_PM.c ****         #if(HSYNC_DeadBandMode == HSYNC__B_PWM__DBM_256_CLOCKS || \
  55:Generated_Source\PSoC5/HSYNC_PM.c ****             HSYNC_DeadBandMode == HSYNC__B_PWM__DBM_2_4_CLOCKS)
  56:Generated_Source\PSoC5/HSYNC_PM.c ****             HSYNC_backup.PWMdeadBandValue = HSYNC_ReadDeadTime();
  57:Generated_Source\PSoC5/HSYNC_PM.c ****         #endif /*  deadband count is either 2-4 clocks or 256 clocks */
  58:Generated_Source\PSoC5/HSYNC_PM.c **** 
  59:Generated_Source\PSoC5/HSYNC_PM.c ****         #if(HSYNC_KillModeMinTime)
  60:Generated_Source\PSoC5/HSYNC_PM.c ****              HSYNC_backup.PWMKillCounterPeriod = HSYNC_ReadKillTime();
  61:Generated_Source\PSoC5/HSYNC_PM.c ****         #endif /* (HSYNC_KillModeMinTime) */
ARM GAS  C:\Users\AHMADN~1\AppData\Local\Temp\ccioL7Db.s 			page 3


  62:Generated_Source\PSoC5/HSYNC_PM.c **** 
  63:Generated_Source\PSoC5/HSYNC_PM.c ****         #if(HSYNC_UseControl)
  64:Generated_Source\PSoC5/HSYNC_PM.c ****             HSYNC_backup.PWMControlRegister = HSYNC_ReadControlRegister();
  54              		.loc 1 64 0
  55 001c FFF7FEFF 		bl	HSYNC_ReadControlRegister
  56 0020 0346     		mov	r3, r0
  57 0022 1A46     		mov	r2, r3
  58 0024 014B     		ldr	r3, .L2
  59 0026 DA70     		strb	r2, [r3, #3]
  65:Generated_Source\PSoC5/HSYNC_PM.c ****         #endif /* (HSYNC_UseControl) */
  66:Generated_Source\PSoC5/HSYNC_PM.c ****     #endif  /* (!HSYNC_UsingFixedFunction) */
  67:Generated_Source\PSoC5/HSYNC_PM.c **** }
  60              		.loc 1 67 0
  61 0028 00BF     		nop
  62 002a 80BD     		pop	{r7, pc}
  63              	.L3:
  64              		.align	2
  65              	.L2:
  66 002c 00000000 		.word	HSYNC_backup
  67              		.cfi_endproc
  68              	.LFE0:
  69              		.size	HSYNC_SaveConfig, .-HSYNC_SaveConfig
  70              		.section	.text.HSYNC_RestoreConfig,"ax",%progbits
  71              		.align	2
  72              		.global	HSYNC_RestoreConfig
  73              		.thumb
  74              		.thumb_func
  75              		.type	HSYNC_RestoreConfig, %function
  76              	HSYNC_RestoreConfig:
  77              	.LFB1:
  68:Generated_Source\PSoC5/HSYNC_PM.c **** 
  69:Generated_Source\PSoC5/HSYNC_PM.c **** 
  70:Generated_Source\PSoC5/HSYNC_PM.c **** /*******************************************************************************
  71:Generated_Source\PSoC5/HSYNC_PM.c **** * Function Name: HSYNC_RestoreConfig
  72:Generated_Source\PSoC5/HSYNC_PM.c **** ********************************************************************************
  73:Generated_Source\PSoC5/HSYNC_PM.c **** *
  74:Generated_Source\PSoC5/HSYNC_PM.c **** * Summary:
  75:Generated_Source\PSoC5/HSYNC_PM.c **** *  Restores the current user configuration of the component.
  76:Generated_Source\PSoC5/HSYNC_PM.c **** *
  77:Generated_Source\PSoC5/HSYNC_PM.c **** * Parameters:
  78:Generated_Source\PSoC5/HSYNC_PM.c **** *  None
  79:Generated_Source\PSoC5/HSYNC_PM.c **** *
  80:Generated_Source\PSoC5/HSYNC_PM.c **** * Return:
  81:Generated_Source\PSoC5/HSYNC_PM.c **** *  None
  82:Generated_Source\PSoC5/HSYNC_PM.c **** *
  83:Generated_Source\PSoC5/HSYNC_PM.c **** * Global variables:
  84:Generated_Source\PSoC5/HSYNC_PM.c **** *  HSYNC_backup:  Variables of this global structure are used to
  85:Generated_Source\PSoC5/HSYNC_PM.c **** *  restore the values of non retention registers on wakeup from sleep mode.
  86:Generated_Source\PSoC5/HSYNC_PM.c **** *
  87:Generated_Source\PSoC5/HSYNC_PM.c **** *******************************************************************************/
  88:Generated_Source\PSoC5/HSYNC_PM.c **** void HSYNC_RestoreConfig(void) 
  89:Generated_Source\PSoC5/HSYNC_PM.c **** {
  78              		.loc 1 89 0
  79              		.cfi_startproc
  80              		@ args = 0, pretend = 0, frame = 0
  81              		@ frame_needed = 1, uses_anonymous_args = 0
  82 0000 80B5     		push	{r7, lr}
ARM GAS  C:\Users\AHMADN~1\AppData\Local\Temp\ccioL7Db.s 			page 4


  83              		.cfi_def_cfa_offset 8
  84              		.cfi_offset 7, -8
  85              		.cfi_offset 14, -4
  86 0002 00AF     		add	r7, sp, #0
  87              		.cfi_def_cfa_register 7
  90:Generated_Source\PSoC5/HSYNC_PM.c ****         #if(!HSYNC_UsingFixedFunction)
  91:Generated_Source\PSoC5/HSYNC_PM.c ****             #if(!HSYNC_PWMModeIsCenterAligned)
  92:Generated_Source\PSoC5/HSYNC_PM.c ****                 HSYNC_WritePeriod(HSYNC_backup.PWMPeriod);
  88              		.loc 1 92 0
  89 0004 084B     		ldr	r3, .L5
  90 0006 9B78     		ldrb	r3, [r3, #2]	@ zero_extendqisi2
  91 0008 1846     		mov	r0, r3
  92 000a FFF7FEFF 		bl	HSYNC_WritePeriod
  93:Generated_Source\PSoC5/HSYNC_PM.c ****             #endif /* (!HSYNC_PWMModeIsCenterAligned) */
  94:Generated_Source\PSoC5/HSYNC_PM.c **** 
  95:Generated_Source\PSoC5/HSYNC_PM.c ****             HSYNC_WriteCounter(HSYNC_backup.PWMUdb);
  93              		.loc 1 95 0
  94 000e 064B     		ldr	r3, .L5
  95 0010 5B78     		ldrb	r3, [r3, #1]	@ zero_extendqisi2
  96 0012 1846     		mov	r0, r3
  97 0014 FFF7FEFF 		bl	HSYNC_WriteCounter
  96:Generated_Source\PSoC5/HSYNC_PM.c **** 
  97:Generated_Source\PSoC5/HSYNC_PM.c ****             #if (HSYNC_UseStatus)
  98:Generated_Source\PSoC5/HSYNC_PM.c ****                 HSYNC_STATUS_MASK = HSYNC_backup.InterruptMaskValue;
  99:Generated_Source\PSoC5/HSYNC_PM.c ****             #endif /* (HSYNC_UseStatus) */
 100:Generated_Source\PSoC5/HSYNC_PM.c **** 
 101:Generated_Source\PSoC5/HSYNC_PM.c ****             #if(HSYNC_DeadBandMode == HSYNC__B_PWM__DBM_256_CLOCKS || \
 102:Generated_Source\PSoC5/HSYNC_PM.c ****                 HSYNC_DeadBandMode == HSYNC__B_PWM__DBM_2_4_CLOCKS)
 103:Generated_Source\PSoC5/HSYNC_PM.c ****                 HSYNC_WriteDeadTime(HSYNC_backup.PWMdeadBandValue);
 104:Generated_Source\PSoC5/HSYNC_PM.c ****             #endif /* deadband count is either 2-4 clocks or 256 clocks */
 105:Generated_Source\PSoC5/HSYNC_PM.c **** 
 106:Generated_Source\PSoC5/HSYNC_PM.c ****             #if(HSYNC_KillModeMinTime)
 107:Generated_Source\PSoC5/HSYNC_PM.c ****                 HSYNC_WriteKillTime(HSYNC_backup.PWMKillCounterPeriod);
 108:Generated_Source\PSoC5/HSYNC_PM.c ****             #endif /* (HSYNC_KillModeMinTime) */
 109:Generated_Source\PSoC5/HSYNC_PM.c **** 
 110:Generated_Source\PSoC5/HSYNC_PM.c ****             #if(HSYNC_UseControl)
 111:Generated_Source\PSoC5/HSYNC_PM.c ****                 HSYNC_WriteControlRegister(HSYNC_backup.PWMControlRegister);
  98              		.loc 1 111 0
  99 0018 034B     		ldr	r3, .L5
 100 001a DB78     		ldrb	r3, [r3, #3]	@ zero_extendqisi2
 101 001c 1846     		mov	r0, r3
 102 001e FFF7FEFF 		bl	HSYNC_WriteControlRegister
 112:Generated_Source\PSoC5/HSYNC_PM.c ****             #endif /* (HSYNC_UseControl) */
 113:Generated_Source\PSoC5/HSYNC_PM.c ****         #endif  /* (!HSYNC_UsingFixedFunction) */
 114:Generated_Source\PSoC5/HSYNC_PM.c ****     }
 103              		.loc 1 114 0
 104 0022 00BF     		nop
 105 0024 80BD     		pop	{r7, pc}
 106              	.L6:
 107 0026 00BF     		.align	2
 108              	.L5:
 109 0028 00000000 		.word	HSYNC_backup
 110              		.cfi_endproc
 111              	.LFE1:
 112              		.size	HSYNC_RestoreConfig, .-HSYNC_RestoreConfig
 113              		.section	.text.HSYNC_Sleep,"ax",%progbits
 114              		.align	2
ARM GAS  C:\Users\AHMADN~1\AppData\Local\Temp\ccioL7Db.s 			page 5


 115              		.global	HSYNC_Sleep
 116              		.thumb
 117              		.thumb_func
 118              		.type	HSYNC_Sleep, %function
 119              	HSYNC_Sleep:
 120              	.LFB2:
 115:Generated_Source\PSoC5/HSYNC_PM.c **** 
 116:Generated_Source\PSoC5/HSYNC_PM.c **** 
 117:Generated_Source\PSoC5/HSYNC_PM.c **** /*******************************************************************************
 118:Generated_Source\PSoC5/HSYNC_PM.c **** * Function Name: HSYNC_Sleep
 119:Generated_Source\PSoC5/HSYNC_PM.c **** ********************************************************************************
 120:Generated_Source\PSoC5/HSYNC_PM.c **** *
 121:Generated_Source\PSoC5/HSYNC_PM.c **** * Summary:
 122:Generated_Source\PSoC5/HSYNC_PM.c **** *  Disables block's operation and saves the user configuration. Should be called
 123:Generated_Source\PSoC5/HSYNC_PM.c **** *  just prior to entering sleep.
 124:Generated_Source\PSoC5/HSYNC_PM.c **** *
 125:Generated_Source\PSoC5/HSYNC_PM.c **** * Parameters:
 126:Generated_Source\PSoC5/HSYNC_PM.c **** *  None
 127:Generated_Source\PSoC5/HSYNC_PM.c **** *
 128:Generated_Source\PSoC5/HSYNC_PM.c **** * Return:
 129:Generated_Source\PSoC5/HSYNC_PM.c **** *  None
 130:Generated_Source\PSoC5/HSYNC_PM.c **** *
 131:Generated_Source\PSoC5/HSYNC_PM.c **** * Global variables:
 132:Generated_Source\PSoC5/HSYNC_PM.c **** *  HSYNC_backup.PWMEnableState:  Is modified depending on the enable
 133:Generated_Source\PSoC5/HSYNC_PM.c **** *  state of the block before entering sleep mode.
 134:Generated_Source\PSoC5/HSYNC_PM.c **** *
 135:Generated_Source\PSoC5/HSYNC_PM.c **** *******************************************************************************/
 136:Generated_Source\PSoC5/HSYNC_PM.c **** void HSYNC_Sleep(void) 
 137:Generated_Source\PSoC5/HSYNC_PM.c **** {
 121              		.loc 1 137 0
 122              		.cfi_startproc
 123              		@ args = 0, pretend = 0, frame = 0
 124              		@ frame_needed = 1, uses_anonymous_args = 0
 125 0000 80B5     		push	{r7, lr}
 126              		.cfi_def_cfa_offset 8
 127              		.cfi_offset 7, -8
 128              		.cfi_offset 14, -4
 129 0002 00AF     		add	r7, sp, #0
 130              		.cfi_def_cfa_register 7
 138:Generated_Source\PSoC5/HSYNC_PM.c ****     #if(HSYNC_UseControl)
 139:Generated_Source\PSoC5/HSYNC_PM.c ****         if(HSYNC_CTRL_ENABLE == (HSYNC_CONTROL & HSYNC_CTRL_ENABLE))
 131              		.loc 1 139 0
 132 0004 094B     		ldr	r3, .L10
 133 0006 1B78     		ldrb	r3, [r3]
 134 0008 DBB2     		uxtb	r3, r3
 135 000a 5BB2     		sxtb	r3, r3
 136 000c 002B     		cmp	r3, #0
 137 000e 03DA     		bge	.L8
 140:Generated_Source\PSoC5/HSYNC_PM.c ****         {
 141:Generated_Source\PSoC5/HSYNC_PM.c ****             /*Component is enabled */
 142:Generated_Source\PSoC5/HSYNC_PM.c ****             HSYNC_backup.PWMEnableState = 1u;
 138              		.loc 1 142 0
 139 0010 074B     		ldr	r3, .L10+4
 140 0012 0122     		movs	r2, #1
 141 0014 1A70     		strb	r2, [r3]
 142 0016 02E0     		b	.L9
 143              	.L8:
ARM GAS  C:\Users\AHMADN~1\AppData\Local\Temp\ccioL7Db.s 			page 6


 143:Generated_Source\PSoC5/HSYNC_PM.c ****         }
 144:Generated_Source\PSoC5/HSYNC_PM.c ****         else
 145:Generated_Source\PSoC5/HSYNC_PM.c ****         {
 146:Generated_Source\PSoC5/HSYNC_PM.c ****             /* Component is disabled */
 147:Generated_Source\PSoC5/HSYNC_PM.c ****             HSYNC_backup.PWMEnableState = 0u;
 144              		.loc 1 147 0
 145 0018 054B     		ldr	r3, .L10+4
 146 001a 0022     		movs	r2, #0
 147 001c 1A70     		strb	r2, [r3]
 148              	.L9:
 148:Generated_Source\PSoC5/HSYNC_PM.c ****         }
 149:Generated_Source\PSoC5/HSYNC_PM.c ****     #endif /* (HSYNC_UseControl) */
 150:Generated_Source\PSoC5/HSYNC_PM.c **** 
 151:Generated_Source\PSoC5/HSYNC_PM.c ****     /* Stop component */
 152:Generated_Source\PSoC5/HSYNC_PM.c ****     HSYNC_Stop();
 149              		.loc 1 152 0
 150 001e FFF7FEFF 		bl	HSYNC_Stop
 153:Generated_Source\PSoC5/HSYNC_PM.c **** 
 154:Generated_Source\PSoC5/HSYNC_PM.c ****     /* Save registers configuration */
 155:Generated_Source\PSoC5/HSYNC_PM.c ****     HSYNC_SaveConfig();
 151              		.loc 1 155 0
 152 0022 FFF7FEFF 		bl	HSYNC_SaveConfig
 156:Generated_Source\PSoC5/HSYNC_PM.c **** }
 153              		.loc 1 156 0
 154 0026 00BF     		nop
 155 0028 80BD     		pop	{r7, pc}
 156              	.L11:
 157 002a 00BF     		.align	2
 158              	.L10:
 159 002c 76650040 		.word	1073767798
 160 0030 00000000 		.word	HSYNC_backup
 161              		.cfi_endproc
 162              	.LFE2:
 163              		.size	HSYNC_Sleep, .-HSYNC_Sleep
 164              		.section	.text.HSYNC_Wakeup,"ax",%progbits
 165              		.align	2
 166              		.global	HSYNC_Wakeup
 167              		.thumb
 168              		.thumb_func
 169              		.type	HSYNC_Wakeup, %function
 170              	HSYNC_Wakeup:
 171              	.LFB3:
 157:Generated_Source\PSoC5/HSYNC_PM.c **** 
 158:Generated_Source\PSoC5/HSYNC_PM.c **** 
 159:Generated_Source\PSoC5/HSYNC_PM.c **** /*******************************************************************************
 160:Generated_Source\PSoC5/HSYNC_PM.c **** * Function Name: HSYNC_Wakeup
 161:Generated_Source\PSoC5/HSYNC_PM.c **** ********************************************************************************
 162:Generated_Source\PSoC5/HSYNC_PM.c **** *
 163:Generated_Source\PSoC5/HSYNC_PM.c **** * Summary:
 164:Generated_Source\PSoC5/HSYNC_PM.c **** *  Restores and enables the user configuration. Should be called just after
 165:Generated_Source\PSoC5/HSYNC_PM.c **** *  awaking from sleep.
 166:Generated_Source\PSoC5/HSYNC_PM.c **** *
 167:Generated_Source\PSoC5/HSYNC_PM.c **** * Parameters:
 168:Generated_Source\PSoC5/HSYNC_PM.c **** *  None
 169:Generated_Source\PSoC5/HSYNC_PM.c **** *
 170:Generated_Source\PSoC5/HSYNC_PM.c **** * Return:
 171:Generated_Source\PSoC5/HSYNC_PM.c **** *  None
ARM GAS  C:\Users\AHMADN~1\AppData\Local\Temp\ccioL7Db.s 			page 7


 172:Generated_Source\PSoC5/HSYNC_PM.c **** *
 173:Generated_Source\PSoC5/HSYNC_PM.c **** * Global variables:
 174:Generated_Source\PSoC5/HSYNC_PM.c **** *  HSYNC_backup.pwmEnable:  Is used to restore the enable state of
 175:Generated_Source\PSoC5/HSYNC_PM.c **** *  block on wakeup from sleep mode.
 176:Generated_Source\PSoC5/HSYNC_PM.c **** *
 177:Generated_Source\PSoC5/HSYNC_PM.c **** *******************************************************************************/
 178:Generated_Source\PSoC5/HSYNC_PM.c **** void HSYNC_Wakeup(void) 
 179:Generated_Source\PSoC5/HSYNC_PM.c **** {
 172              		.loc 1 179 0
 173              		.cfi_startproc
 174              		@ args = 0, pretend = 0, frame = 0
 175              		@ frame_needed = 1, uses_anonymous_args = 0
 176 0000 80B5     		push	{r7, lr}
 177              		.cfi_def_cfa_offset 8
 178              		.cfi_offset 7, -8
 179              		.cfi_offset 14, -4
 180 0002 00AF     		add	r7, sp, #0
 181              		.cfi_def_cfa_register 7
 180:Generated_Source\PSoC5/HSYNC_PM.c ****      /* Restore registers values */
 181:Generated_Source\PSoC5/HSYNC_PM.c ****     HSYNC_RestoreConfig();
 182              		.loc 1 181 0
 183 0004 FFF7FEFF 		bl	HSYNC_RestoreConfig
 182:Generated_Source\PSoC5/HSYNC_PM.c **** 
 183:Generated_Source\PSoC5/HSYNC_PM.c ****     if(HSYNC_backup.PWMEnableState != 0u)
 184              		.loc 1 183 0
 185 0008 034B     		ldr	r3, .L15
 186 000a 1B78     		ldrb	r3, [r3]	@ zero_extendqisi2
 187 000c 002B     		cmp	r3, #0
 188 000e 01D0     		beq	.L14
 184:Generated_Source\PSoC5/HSYNC_PM.c ****     {
 185:Generated_Source\PSoC5/HSYNC_PM.c ****         /* Enable component's operation */
 186:Generated_Source\PSoC5/HSYNC_PM.c ****         HSYNC_Enable();
 189              		.loc 1 186 0
 190 0010 FFF7FEFF 		bl	HSYNC_Enable
 191              	.L14:
 187:Generated_Source\PSoC5/HSYNC_PM.c ****     } /* Do nothing if component's block was disabled before */
 188:Generated_Source\PSoC5/HSYNC_PM.c **** 
 189:Generated_Source\PSoC5/HSYNC_PM.c **** }
 192              		.loc 1 189 0
 193 0014 00BF     		nop
 194 0016 80BD     		pop	{r7, pc}
 195              	.L16:
 196              		.align	2
 197              	.L15:
 198 0018 00000000 		.word	HSYNC_backup
 199              		.cfi_endproc
 200              	.LFE3:
 201              		.size	HSYNC_Wakeup, .-HSYNC_Wakeup
 202              		.text
 203              	.Letext0:
 204              		.file 2 "Generated_Source\\PSoC5\\cytypes.h"
 205              		.file 3 "Generated_Source\\PSoC5\\HSYNC.h"
 206              		.section	.debug_info,"",%progbits
 207              	.Ldebug_info0:
 208 0000 41010000 		.4byte	0x141
 209 0004 0400     		.2byte	0x4
 210 0006 00000000 		.4byte	.Ldebug_abbrev0
ARM GAS  C:\Users\AHMADN~1\AppData\Local\Temp\ccioL7Db.s 			page 8


 211 000a 04       		.byte	0x4
 212 000b 01       		.uleb128 0x1
 213 000c E4000000 		.4byte	.LASF25
 214 0010 0C       		.byte	0xc
 215 0011 DF010000 		.4byte	.LASF26
 216 0015 57000000 		.4byte	.LASF27
 217 0019 00000000 		.4byte	.Ldebug_ranges0+0
 218 001d 00000000 		.4byte	0
 219 0021 00000000 		.4byte	.Ldebug_line0
 220 0025 02       		.uleb128 0x2
 221 0026 01       		.byte	0x1
 222 0027 06       		.byte	0x6
 223 0028 C2010000 		.4byte	.LASF0
 224 002c 02       		.uleb128 0x2
 225 002d 01       		.byte	0x1
 226 002e 08       		.byte	0x8
 227 002f 72010000 		.4byte	.LASF1
 228 0033 02       		.uleb128 0x2
 229 0034 02       		.byte	0x2
 230 0035 05       		.byte	0x5
 231 0036 0D020000 		.4byte	.LASF2
 232 003a 02       		.uleb128 0x2
 233 003b 02       		.byte	0x2
 234 003c 07       		.byte	0x7
 235 003d AF010000 		.4byte	.LASF3
 236 0041 02       		.uleb128 0x2
 237 0042 04       		.byte	0x4
 238 0043 05       		.byte	0x5
 239 0044 98010000 		.4byte	.LASF4
 240 0048 02       		.uleb128 0x2
 241 0049 04       		.byte	0x4
 242 004a 07       		.byte	0x7
 243 004b A8000000 		.4byte	.LASF5
 244 004f 02       		.uleb128 0x2
 245 0050 08       		.byte	0x8
 246 0051 05       		.byte	0x5
 247 0052 00000000 		.4byte	.LASF6
 248 0056 02       		.uleb128 0x2
 249 0057 08       		.byte	0x8
 250 0058 07       		.byte	0x7
 251 0059 BA000000 		.4byte	.LASF7
 252 005d 03       		.uleb128 0x3
 253 005e 04       		.byte	0x4
 254 005f 05       		.byte	0x5
 255 0060 696E7400 		.ascii	"int\000"
 256 0064 02       		.uleb128 0x2
 257 0065 04       		.byte	0x4
 258 0066 07       		.byte	0x7
 259 0067 2F000000 		.4byte	.LASF8
 260 006b 04       		.uleb128 0x4
 261 006c A2000000 		.4byte	.LASF12
 262 0070 02       		.byte	0x2
 263 0071 E401     		.2byte	0x1e4
 264 0073 2C000000 		.4byte	0x2c
 265 0077 02       		.uleb128 0x2
 266 0078 04       		.byte	0x4
 267 0079 04       		.byte	0x4
ARM GAS  C:\Users\AHMADN~1\AppData\Local\Temp\ccioL7Db.s 			page 9


 268 007a D1000000 		.4byte	.LASF9
 269 007e 02       		.uleb128 0x2
 270 007f 08       		.byte	0x8
 271 0080 04       		.byte	0x4
 272 0081 A1010000 		.4byte	.LASF10
 273 0085 02       		.uleb128 0x2
 274 0086 01       		.byte	0x1
 275 0087 08       		.byte	0x8
 276 0088 80010000 		.4byte	.LASF11
 277 008c 04       		.uleb128 0x4
 278 008d 9D000000 		.4byte	.LASF13
 279 0091 02       		.byte	0x2
 280 0092 8E02     		.2byte	0x28e
 281 0094 98000000 		.4byte	0x98
 282 0098 05       		.uleb128 0x5
 283 0099 6B000000 		.4byte	0x6b
 284 009d 02       		.uleb128 0x2
 285 009e 08       		.byte	0x8
 286 009f 04       		.byte	0x4
 287 00a0 01020000 		.4byte	.LASF14
 288 00a4 02       		.uleb128 0x2
 289 00a5 04       		.byte	0x4
 290 00a6 07       		.byte	0x7
 291 00a7 34020000 		.4byte	.LASF15
 292 00ab 06       		.uleb128 0x6
 293 00ac 04       		.byte	0x4
 294 00ad 03       		.byte	0x3
 295 00ae 6B       		.byte	0x6b
 296 00af E4000000 		.4byte	0xe4
 297 00b3 07       		.uleb128 0x7
 298 00b4 3C000000 		.4byte	.LASF16
 299 00b8 03       		.byte	0x3
 300 00b9 6E       		.byte	0x6e
 301 00ba 6B000000 		.4byte	0x6b
 302 00be 00       		.byte	0
 303 00bf 07       		.uleb128 0x7
 304 00c0 A8010000 		.4byte	.LASF17
 305 00c4 03       		.byte	0x3
 306 00c5 71       		.byte	0x71
 307 00c6 6B000000 		.4byte	0x6b
 308 00ca 01       		.byte	0x1
 309 00cb 07       		.uleb128 0x7
 310 00cc 2A020000 		.4byte	.LASF18
 311 00d0 03       		.byte	0x3
 312 00d1 73       		.byte	0x73
 313 00d2 6B000000 		.4byte	0x6b
 314 00d6 02       		.byte	0x2
 315 00d7 07       		.uleb128 0x7
 316 00d8 85010000 		.4byte	.LASF19
 317 00dc 03       		.byte	0x3
 318 00dd 86       		.byte	0x86
 319 00de 6B000000 		.4byte	0x6b
 320 00e2 03       		.byte	0x3
 321 00e3 00       		.byte	0
 322 00e4 08       		.uleb128 0x8
 323 00e5 17020000 		.4byte	.LASF20
 324 00e9 03       		.byte	0x3
ARM GAS  C:\Users\AHMADN~1\AppData\Local\Temp\ccioL7Db.s 			page 10


 325 00ea 8B       		.byte	0x8b
 326 00eb AB000000 		.4byte	0xab
 327 00ef 09       		.uleb128 0x9
 328 00f0 CE010000 		.4byte	.LASF21
 329 00f4 01       		.byte	0x1
 330 00f5 2A       		.byte	0x2a
 331 00f6 00000000 		.4byte	.LFB0
 332 00fa 30000000 		.4byte	.LFE0-.LFB0
 333 00fe 01       		.uleb128 0x1
 334 00ff 9C       		.byte	0x9c
 335 0100 09       		.uleb128 0x9
 336 0101 0E000000 		.4byte	.LASF22
 337 0105 01       		.byte	0x1
 338 0106 58       		.byte	0x58
 339 0107 00000000 		.4byte	.LFB1
 340 010b 2C000000 		.4byte	.LFE1-.LFB1
 341 010f 01       		.uleb128 0x1
 342 0110 9C       		.byte	0x9c
 343 0111 09       		.uleb128 0x9
 344 0112 4B000000 		.4byte	.LASF23
 345 0116 01       		.byte	0x1
 346 0117 88       		.byte	0x88
 347 0118 00000000 		.4byte	.LFB2
 348 011c 34000000 		.4byte	.LFE2-.LFB2
 349 0120 01       		.uleb128 0x1
 350 0121 9C       		.byte	0x9c
 351 0122 09       		.uleb128 0x9
 352 0123 D7000000 		.4byte	.LASF24
 353 0127 01       		.byte	0x1
 354 0128 B2       		.byte	0xb2
 355 0129 00000000 		.4byte	.LFB3
 356 012d 1C000000 		.4byte	.LFE3-.LFB3
 357 0131 01       		.uleb128 0x1
 358 0132 9C       		.byte	0x9c
 359 0133 0A       		.uleb128 0xa
 360 0134 22000000 		.4byte	.LASF28
 361 0138 01       		.byte	0x1
 362 0139 14       		.byte	0x14
 363 013a E4000000 		.4byte	0xe4
 364 013e 05       		.uleb128 0x5
 365 013f 03       		.byte	0x3
 366 0140 00000000 		.4byte	HSYNC_backup
 367 0144 00       		.byte	0
 368              		.section	.debug_abbrev,"",%progbits
 369              	.Ldebug_abbrev0:
 370 0000 01       		.uleb128 0x1
 371 0001 11       		.uleb128 0x11
 372 0002 01       		.byte	0x1
 373 0003 25       		.uleb128 0x25
 374 0004 0E       		.uleb128 0xe
 375 0005 13       		.uleb128 0x13
 376 0006 0B       		.uleb128 0xb
 377 0007 03       		.uleb128 0x3
 378 0008 0E       		.uleb128 0xe
 379 0009 1B       		.uleb128 0x1b
 380 000a 0E       		.uleb128 0xe
 381 000b 55       		.uleb128 0x55
ARM GAS  C:\Users\AHMADN~1\AppData\Local\Temp\ccioL7Db.s 			page 11


 382 000c 17       		.uleb128 0x17
 383 000d 11       		.uleb128 0x11
 384 000e 01       		.uleb128 0x1
 385 000f 10       		.uleb128 0x10
 386 0010 17       		.uleb128 0x17
 387 0011 00       		.byte	0
 388 0012 00       		.byte	0
 389 0013 02       		.uleb128 0x2
 390 0014 24       		.uleb128 0x24
 391 0015 00       		.byte	0
 392 0016 0B       		.uleb128 0xb
 393 0017 0B       		.uleb128 0xb
 394 0018 3E       		.uleb128 0x3e
 395 0019 0B       		.uleb128 0xb
 396 001a 03       		.uleb128 0x3
 397 001b 0E       		.uleb128 0xe
 398 001c 00       		.byte	0
 399 001d 00       		.byte	0
 400 001e 03       		.uleb128 0x3
 401 001f 24       		.uleb128 0x24
 402 0020 00       		.byte	0
 403 0021 0B       		.uleb128 0xb
 404 0022 0B       		.uleb128 0xb
 405 0023 3E       		.uleb128 0x3e
 406 0024 0B       		.uleb128 0xb
 407 0025 03       		.uleb128 0x3
 408 0026 08       		.uleb128 0x8
 409 0027 00       		.byte	0
 410 0028 00       		.byte	0
 411 0029 04       		.uleb128 0x4
 412 002a 16       		.uleb128 0x16
 413 002b 00       		.byte	0
 414 002c 03       		.uleb128 0x3
 415 002d 0E       		.uleb128 0xe
 416 002e 3A       		.uleb128 0x3a
 417 002f 0B       		.uleb128 0xb
 418 0030 3B       		.uleb128 0x3b
 419 0031 05       		.uleb128 0x5
 420 0032 49       		.uleb128 0x49
 421 0033 13       		.uleb128 0x13
 422 0034 00       		.byte	0
 423 0035 00       		.byte	0
 424 0036 05       		.uleb128 0x5
 425 0037 35       		.uleb128 0x35
 426 0038 00       		.byte	0
 427 0039 49       		.uleb128 0x49
 428 003a 13       		.uleb128 0x13
 429 003b 00       		.byte	0
 430 003c 00       		.byte	0
 431 003d 06       		.uleb128 0x6
 432 003e 13       		.uleb128 0x13
 433 003f 01       		.byte	0x1
 434 0040 0B       		.uleb128 0xb
 435 0041 0B       		.uleb128 0xb
 436 0042 3A       		.uleb128 0x3a
 437 0043 0B       		.uleb128 0xb
 438 0044 3B       		.uleb128 0x3b
ARM GAS  C:\Users\AHMADN~1\AppData\Local\Temp\ccioL7Db.s 			page 12


 439 0045 0B       		.uleb128 0xb
 440 0046 01       		.uleb128 0x1
 441 0047 13       		.uleb128 0x13
 442 0048 00       		.byte	0
 443 0049 00       		.byte	0
 444 004a 07       		.uleb128 0x7
 445 004b 0D       		.uleb128 0xd
 446 004c 00       		.byte	0
 447 004d 03       		.uleb128 0x3
 448 004e 0E       		.uleb128 0xe
 449 004f 3A       		.uleb128 0x3a
 450 0050 0B       		.uleb128 0xb
 451 0051 3B       		.uleb128 0x3b
 452 0052 0B       		.uleb128 0xb
 453 0053 49       		.uleb128 0x49
 454 0054 13       		.uleb128 0x13
 455 0055 38       		.uleb128 0x38
 456 0056 0B       		.uleb128 0xb
 457 0057 00       		.byte	0
 458 0058 00       		.byte	0
 459 0059 08       		.uleb128 0x8
 460 005a 16       		.uleb128 0x16
 461 005b 00       		.byte	0
 462 005c 03       		.uleb128 0x3
 463 005d 0E       		.uleb128 0xe
 464 005e 3A       		.uleb128 0x3a
 465 005f 0B       		.uleb128 0xb
 466 0060 3B       		.uleb128 0x3b
 467 0061 0B       		.uleb128 0xb
 468 0062 49       		.uleb128 0x49
 469 0063 13       		.uleb128 0x13
 470 0064 00       		.byte	0
 471 0065 00       		.byte	0
 472 0066 09       		.uleb128 0x9
 473 0067 2E       		.uleb128 0x2e
 474 0068 00       		.byte	0
 475 0069 3F       		.uleb128 0x3f
 476 006a 19       		.uleb128 0x19
 477 006b 03       		.uleb128 0x3
 478 006c 0E       		.uleb128 0xe
 479 006d 3A       		.uleb128 0x3a
 480 006e 0B       		.uleb128 0xb
 481 006f 3B       		.uleb128 0x3b
 482 0070 0B       		.uleb128 0xb
 483 0071 27       		.uleb128 0x27
 484 0072 19       		.uleb128 0x19
 485 0073 11       		.uleb128 0x11
 486 0074 01       		.uleb128 0x1
 487 0075 12       		.uleb128 0x12
 488 0076 06       		.uleb128 0x6
 489 0077 40       		.uleb128 0x40
 490 0078 18       		.uleb128 0x18
 491 0079 9642     		.uleb128 0x2116
 492 007b 19       		.uleb128 0x19
 493 007c 00       		.byte	0
 494 007d 00       		.byte	0
 495 007e 0A       		.uleb128 0xa
ARM GAS  C:\Users\AHMADN~1\AppData\Local\Temp\ccioL7Db.s 			page 13


 496 007f 34       		.uleb128 0x34
 497 0080 00       		.byte	0
 498 0081 03       		.uleb128 0x3
 499 0082 0E       		.uleb128 0xe
 500 0083 3A       		.uleb128 0x3a
 501 0084 0B       		.uleb128 0xb
 502 0085 3B       		.uleb128 0x3b
 503 0086 0B       		.uleb128 0xb
 504 0087 49       		.uleb128 0x49
 505 0088 13       		.uleb128 0x13
 506 0089 02       		.uleb128 0x2
 507 008a 18       		.uleb128 0x18
 508 008b 00       		.byte	0
 509 008c 00       		.byte	0
 510 008d 00       		.byte	0
 511              		.section	.debug_aranges,"",%progbits
 512 0000 34000000 		.4byte	0x34
 513 0004 0200     		.2byte	0x2
 514 0006 00000000 		.4byte	.Ldebug_info0
 515 000a 04       		.byte	0x4
 516 000b 00       		.byte	0
 517 000c 0000     		.2byte	0
 518 000e 0000     		.2byte	0
 519 0010 00000000 		.4byte	.LFB0
 520 0014 30000000 		.4byte	.LFE0-.LFB0
 521 0018 00000000 		.4byte	.LFB1
 522 001c 2C000000 		.4byte	.LFE1-.LFB1
 523 0020 00000000 		.4byte	.LFB2
 524 0024 34000000 		.4byte	.LFE2-.LFB2
 525 0028 00000000 		.4byte	.LFB3
 526 002c 1C000000 		.4byte	.LFE3-.LFB3
 527 0030 00000000 		.4byte	0
 528 0034 00000000 		.4byte	0
 529              		.section	.debug_ranges,"",%progbits
 530              	.Ldebug_ranges0:
 531 0000 00000000 		.4byte	.LFB0
 532 0004 30000000 		.4byte	.LFE0
 533 0008 00000000 		.4byte	.LFB1
 534 000c 2C000000 		.4byte	.LFE1
 535 0010 00000000 		.4byte	.LFB2
 536 0014 34000000 		.4byte	.LFE2
 537 0018 00000000 		.4byte	.LFB3
 538 001c 1C000000 		.4byte	.LFE3
 539 0020 00000000 		.4byte	0
 540 0024 00000000 		.4byte	0
 541              		.section	.debug_line,"",%progbits
 542              	.Ldebug_line0:
 543 0000 AB000000 		.section	.debug_str,"MS",%progbits,1
 543      02005000 
 543      00000201 
 543      FB0E0D00 
 543      01010101 
 544              	.LASF6:
 545 0000 6C6F6E67 		.ascii	"long long int\000"
 545      206C6F6E 
 545      6720696E 
 545      7400
ARM GAS  C:\Users\AHMADN~1\AppData\Local\Temp\ccioL7Db.s 			page 14


 546              	.LASF22:
 547 000e 4853594E 		.ascii	"HSYNC_RestoreConfig\000"
 547      435F5265 
 547      73746F72 
 547      65436F6E 
 547      66696700 
 548              	.LASF28:
 549 0022 4853594E 		.ascii	"HSYNC_backup\000"
 549      435F6261 
 549      636B7570 
 549      00
 550              	.LASF8:
 551 002f 756E7369 		.ascii	"unsigned int\000"
 551      676E6564 
 551      20696E74 
 551      00
 552              	.LASF16:
 553 003c 50574D45 		.ascii	"PWMEnableState\000"
 553      6E61626C 
 553      65537461 
 553      746500
 554              	.LASF23:
 555 004b 4853594E 		.ascii	"HSYNC_Sleep\000"
 555      435F536C 
 555      65657000 
 556              	.LASF27:
 557 0057 433A5C55 		.ascii	"C:\\Users\\Ahmad Negm\\Desktop\\6.115\\FP\\psoc_vga"
 557      73657273 
 557      5C41686D 
 557      6164204E 
 557      65676D5C 
 558 0084 5F70726F 		.ascii	"_project final\\vga.cydsn\000"
 558      6A656374 
 558      2066696E 
 558      616C5C76 
 558      67612E63 
 559              	.LASF13:
 560 009d 72656738 		.ascii	"reg8\000"
 560      00
 561              	.LASF12:
 562 00a2 75696E74 		.ascii	"uint8\000"
 562      3800
 563              	.LASF5:
 564 00a8 6C6F6E67 		.ascii	"long unsigned int\000"
 564      20756E73 
 564      69676E65 
 564      6420696E 
 564      7400
 565              	.LASF7:
 566 00ba 6C6F6E67 		.ascii	"long long unsigned int\000"
 566      206C6F6E 
 566      6720756E 
 566      7369676E 
 566      65642069 
 567              	.LASF9:
 568 00d1 666C6F61 		.ascii	"float\000"
 568      7400
ARM GAS  C:\Users\AHMADN~1\AppData\Local\Temp\ccioL7Db.s 			page 15


 569              	.LASF24:
 570 00d7 4853594E 		.ascii	"HSYNC_Wakeup\000"
 570      435F5761 
 570      6B657570 
 570      00
 571              	.LASF25:
 572 00e4 474E5520 		.ascii	"GNU C11 5.4.1 20160609 (release) [ARM/embedded-5-br"
 572      43313120 
 572      352E342E 
 572      31203230 
 572      31363036 
 573 0117 616E6368 		.ascii	"anch revision 237715] -mcpu=cortex-m3 -mthumb -g -O"
 573      20726576 
 573      6973696F 
 573      6E203233 
 573      37373135 
 574 014a 30202D66 		.ascii	"0 -ffunction-sections -ffat-lto-objects\000"
 574      66756E63 
 574      74696F6E 
 574      2D736563 
 574      74696F6E 
 575              	.LASF1:
 576 0172 756E7369 		.ascii	"unsigned char\000"
 576      676E6564 
 576      20636861 
 576      7200
 577              	.LASF11:
 578 0180 63686172 		.ascii	"char\000"
 578      00
 579              	.LASF19:
 580 0185 50574D43 		.ascii	"PWMControlRegister\000"
 580      6F6E7472 
 580      6F6C5265 
 580      67697374 
 580      657200
 581              	.LASF4:
 582 0198 6C6F6E67 		.ascii	"long int\000"
 582      20696E74 
 582      00
 583              	.LASF10:
 584 01a1 646F7562 		.ascii	"double\000"
 584      6C6500
 585              	.LASF17:
 586 01a8 50574D55 		.ascii	"PWMUdb\000"
 586      646200
 587              	.LASF3:
 588 01af 73686F72 		.ascii	"short unsigned int\000"
 588      7420756E 
 588      7369676E 
 588      65642069 
 588      6E7400
 589              	.LASF0:
 590 01c2 7369676E 		.ascii	"signed char\000"
 590      65642063 
 590      68617200 
 591              	.LASF21:
 592 01ce 4853594E 		.ascii	"HSYNC_SaveConfig\000"
ARM GAS  C:\Users\AHMADN~1\AppData\Local\Temp\ccioL7Db.s 			page 16


 592      435F5361 
 592      7665436F 
 592      6E666967 
 592      00
 593              	.LASF26:
 594 01df 47656E65 		.ascii	"Generated_Source\\PSoC5\\HSYNC_PM.c\000"
 594      72617465 
 594      645F536F 
 594      75726365 
 594      5C50536F 
 595              	.LASF14:
 596 0201 6C6F6E67 		.ascii	"long double\000"
 596      20646F75 
 596      626C6500 
 597              	.LASF2:
 598 020d 73686F72 		.ascii	"short int\000"
 598      7420696E 
 598      7400
 599              	.LASF20:
 600 0217 4853594E 		.ascii	"HSYNC_backupStruct\000"
 600      435F6261 
 600      636B7570 
 600      53747275 
 600      637400
 601              	.LASF18:
 602 022a 50574D50 		.ascii	"PWMPeriod\000"
 602      6572696F 
 602      6400
 603              	.LASF15:
 604 0234 73697A65 		.ascii	"sizetype\000"
 604      74797065 
 604      00
 605              		.ident	"GCC: (GNU Tools for ARM Embedded Processors) 5.4.1 20160609 (release) [ARM/embedded-5-bran
